components/Navbar.tsx(5,25): error TS2307: Cannot find module '../../produtosnaturais/context/CartContext' or its corresponding type declarations.
pages/Arquivos.tsx(7,10): error TS2305: Module '"../types"' has no exported member 'Arquivo'.
pages/Cardapio.tsx(2722,9): error TS2322: Type '{ isOpen: any; type: any; title: any; maxWidth: string; content: any; onConfirm: () => Promise<void>; confirmText: string; onClose: () => any; autoClose: boolean; }' is not assignable to type 'ModalProps'.
  Property 'confirmText' does not exist on type 'ModalProps'.
pages/Cardapio.tsx(3134,9): error TS2322: Type '{ isOpen: any; type: string; title: string; content: any; onConfirm: () => Promise<void>; confirmText: string; onClose: () => any; }' is not assignable to type 'ModalProps'.
  Property 'confirmText' does not exist on type 'ModalProps'.
pages/Cardapio.tsx(3147,9): error TS2322: Type '{ isOpen: any; type: string; title: string; content: string; onConfirm: () => Promise<void>; confirmText: string; onClose: () => any; }' is not assignable to type 'ModalProps'.
  Property 'confirmText' does not exist on type 'ModalProps'.
pages/Cardapio.tsx(3158,9): error TS2322: Type '{ isOpen: any; type: string; title: string; content: string; onConfirm: () => Promise<void>; confirmText: string; onClose: () => any; }' is not assignable to type 'ModalProps'.
  Property 'confirmText' does not exist on type 'ModalProps'.
pages/Cardapio.tsx(3183,9): error TS2322: Type '{ isOpen: any; type: string; title: string; maxWidth: string; content: any; onConfirm: () => Promise<void>; confirmText: string; onClose: () => any; }' is not assignable to type 'ModalProps'.
  Property 'confirmText' does not exist on type 'ModalProps'.
pages/Cupons.tsx(6,21): error TS2305: Module '"../types"' has no exported member 'Cupom'.
pages/Cupons.tsx(79,32): error TS2339: Property 'cupons' does not exist on type '{ getDashboardStats: () => Promise<{ reservasPendentes: number; reservasTotal: number; feedbacksPendentes: number; consumacoesPendentes: number; promocoesAtivas: number; cuponsAtivos: number; reservasHoje: number; reservasSemanais: { ...; }[]; feedbacksDistribucao: { ...; }; }>; }'.
pages/Cupons.tsx(90,27): error TS2339: Property 'cupons' does not exist on type '{ getDashboardStats: () => Promise<{ reservasPendentes: number; reservasTotal: number; feedbacksPendentes: number; consumacoesPendentes: number; promocoesAtivas: number; cuponsAtivos: number; reservasHoje: number; reservasSemanais: { ...; }[]; feedbacksDistribucao: { ...; }; }>; }'.
pages/Cupons.tsx(98,83): error TS2339: Property 'cupons' does not exist on type '{ getDashboardStats: () => Promise<{ reservasPendentes: number; reservasTotal: number; feedbacksPendentes: number; consumacoesPendentes: number; promocoesAtivas: number; cuponsAtivos: number; reservasHoje: number; reservasSemanais: { ...; }[]; feedbacksDistribucao: { ...; }; }>; }'.
pages/Cupons.tsx(106,27): error TS2339: Property 'cupons' does not exist on type '{ getDashboardStats: () => Promise<{ reservasPendentes: number; reservasTotal: number; feedbacksPendentes: number; consumacoesPendentes: number; promocoesAtivas: number; cuponsAtivos: number; reservasHoje: number; reservasSemanais: { ...; }[]; feedbacksDistribucao: { ...; }; }>; }'.
pages/Curriculos.tsx(7,10): error TS2305: Module '"../types"' has no exported member 'Curriculo'.
pages/Escala.tsx(26,25): error TS2307: Cannot find module 'html2canvas' or its corresponding type declarations.
pages/Escala.tsx(27,23): error TS2307: Cannot find module 'jspdf' or its corresponding type declarations.
pages/Escala.tsx(29,23): error TS2305: Module '"../types"' has no exported member 'TurnoConfig'.
pages/Escala.tsx(31,49): error TS2307: Cannot find module '../constants' or its corresponding type declarations.
pages/Escala.tsx(261,40): error TS2339: Property 'funcionarios' does not exist on type '{ getDashboardStats: () => Promise<{ reservasPendentes: number; reservasTotal: number; feedbacksPendentes: number; consumacoesPendentes: number; promocoesAtivas: number; cuponsAtivos: number; reservasHoje: number; reservasSemanais: { ...; }[]; feedbacksDistribucao: { ...; }; }>; }'.
pages/Escala.tsx(265,40): error TS2339: Property 'turnos' does not exist on type '{ getDashboardStats: () => Promise<{ reservasPendentes: number; reservasTotal: number; feedbacksPendentes: number; consumacoesPendentes: number; promocoesAtivas: number; cuponsAtivos: number; reservasHoje: number; reservasSemanais: { ...; }[]; feedbacksDistribucao: { ...; }; }>; }'.
pages/Escala.tsx(286,40): error TS2339: Property 'escala' does not exist on type '{ getDashboardStats: () => Promise<{ reservasPendentes: number; reservasTotal: number; feedbacksPendentes: number; consumacoesPendentes: number; promocoesAtivas: number; cuponsAtivos: number; reservasHoje: number; reservasSemanais: { ...; }[]; feedbacksDistribucao: { ...; }; }>; }'.
pages/Escala.tsx(664,21): error TS2339: Property 'escala' does not exist on type '{ getDashboardStats: () => Promise<{ reservasPendentes: number; reservasTotal: number; feedbacksPendentes: number; consumacoesPendentes: number; promocoesAtivas: number; cuponsAtivos: number; reservasHoje: number; reservasSemanais: { ...; }[]; feedbacksDistribucao: { ...; }; }>; }'.
pages/Escala.tsx(676,21): error TS2339: Property 'escala' does not exist on type '{ getDashboardStats: () => Promise<{ reservasPendentes: number; reservasTotal: number; feedbacksPendentes: number; consumacoesPendentes: number; promocoesAtivas: number; cuponsAtivos: number; reservasHoje: number; reservasSemanais: { ...; }[]; feedbacksDistribucao: { ...; }; }>; }'.
pages/Feedbacks.tsx(8,10): error TS2305: Module '"../types"' has no exported member 'Feedback'.
pages/Feedbacks.tsx(8,20): error TS2305: Module '"../types"' has no exported member 'FeedbackStatus'.
pages/Feedbacks.tsx(8,47): error TS2305: Module '"../types"' has no exported member 'AvaliacaoProduto'.
pages/FichaTecnica.tsx(28,17): error TS2614: Module '"../components/UI/Table"' has no exported member 'Column'. Did you mean to use 'import Column from "../components/UI/Table"' instead?
pages/FichaTecnica.tsx(29,10): error TS2305: Module '"../types"' has no exported member 'MateriaPrima'.
pages/FichaTecnica.tsx(29,24): error TS2305: Module '"../types"' has no exported member 'PratoFicha'.
pages/FichaTecnica.tsx(29,36): error TS2305: Module '"../types"' has no exported member 'CategoriaPrato'.
pages/FichaTecnica.tsx(29,52): error TS2305: Module '"../types"' has no exported member 'IngredientePrato'.
pages/FichaTecnica.tsx(30,38): error TS2307: Cannot find module '../services/fichaTecnicaService' or its corresponding type declarations.
pages/FichaTecnica.tsx(533,11): error TS2322: Type '{ isOpen: any; onClose: () => any; title: string; content: any; type: string; maxWidth: string; hideFooter: boolean; }' is not assignable to type 'ModalProps'.
  Property 'hideFooter' does not exist on type 'ModalProps'.
pages/FichaTecnica.tsx(883,13): error TS2322: Type '{ isOpen: any; onClose: () => any; title: string; content: any; type: string; maxWidth: string; hideFooter: boolean; }' is not assignable to type 'ModalProps'.
  Property 'hideFooter' does not exist on type 'ModalProps'.
pages/FichaTecnica.tsx(1130,24): error TS2558: Expected 0 type arguments, but got 1.
pages/FichaTecnica.tsx(1175,24): error TS2558: Expected 0 type arguments, but got 1.
pages/Funcionarios.tsx(5,17): error TS2614: Module '"../components/UI/Table"' has no exported member 'Column'. Did you mean to use 'import Column from "../components/UI/Table"' instead?
pages/Funcionarios.tsx(7,25): error TS2307: Cannot find module '../components/RoleManager' or its corresponding type declarations.
pages/Funcionarios.tsx(681,5): error TS2353: Object literal may only specify known properties, and 'codigo' does not exist in type 'Funcionario'.
pages/Promocional.tsx(5,10): error TS2305: Module '"../types"' has no exported member 'Promocao'.
pages/Promocional.tsx(120,24): error TS2339: Property 'promocoes' does not exist on type '{ getDashboardStats: () => Promise<{ reservasPendentes: number; reservasTotal: number; feedbacksPendentes: number; consumacoesPendentes: number; promocoesAtivas: number; cuponsAtivos: number; reservasHoje: number; reservasSemanais: { ...; }[]; feedbacksDistribucao: { ...; }; }>; }'.
pages/Promocional.tsx(124,27): error TS2339: Property 'promocoes' does not exist on type '{ getDashboardStats: () => Promise<{ reservasPendentes: number; reservasTotal: number; feedbacksPendentes: number; consumacoesPendentes: number; promocoesAtivas: number; cuponsAtivos: number; reservasHoje: number; reservasSemanais: { ...; }[]; feedbacksDistribucao: { ...; }; }>; }'.
pages/Promocional.tsx(132,86): error TS2339: Property 'promocoes' does not exist on type '{ getDashboardStats: () => Promise<{ reservasPendentes: number; reservasTotal: number; feedbacksPendentes: number; consumacoesPendentes: number; promocoesAtivas: number; cuponsAtivos: number; reservasHoje: number; reservasSemanais: { ...; }[]; feedbacksDistribucao: { ...; }; }>; }'.
pages/Promocional.tsx(140,27): error TS2339: Property 'promocoes' does not exist on type '{ getDashboardStats: () => Promise<{ reservasPendentes: number; reservasTotal: number; feedbacksPendentes: number; consumacoesPendentes: number; promocoesAtivas: number; cuponsAtivos: number; reservasHoje: number; reservasSemanais: { ...; }[]; feedbacksDistribucao: { ...; }; }>; }'.
pages/Promocional.tsx(213,39): error TS2339: Property 'filter' does not exist on type 'unknown'.
pages/Reservas.tsx(7,10): error TS2305: Module '"../types"' has no exported member 'Reserva'.
pages/Reservas.tsx(7,19): error TS2305: Module '"../types"' has no exported member 'ReservaStatus'.
